                 ╔═════════════╦════════════════╦═════════════╗                                                                       ╔═════════════════════════════════════════════════════════╗
                 ║ↁ............║................║.............║                                                                       ║.........................................................║
                 ║.............║................║ↁ............║                                                                       ║...................▀▀▀▀▀▀▀▀▀▀▀▀▀▀▀▀......................║
                 ║ↁ............║................║.............║                                                                       ║.........................................................║
                 ║.............║................║ↁ............║                                                                       ║.........................................................║
                 ║ↁ............║................║.............║                                                                       ║.....|▀|▀|▀|▀|▀|▀|▀|▀|▀|▀|▀|▀|▀|▀|▀|▀|▀|▀|▀|▀|▀|▀|▀......║
                 ║ↁ............║................║.............║                                                                       ║...............a..........................m..............║
                 ║ↁ............║..............................║                                                                       ║.....|▀|▀|▀|▀|▀|▀|▀|▀|▀|▀|▀|▀|▀|▀|▀|▀|▀|▀|▀|▀|▀|▀|▀......║
                 ║.............║..............................║                                                                       ║.........................................................║
                 ║............ꗞ║................║.............║                                                                       ║.....|▀|▀|▀|▀|▀|▀|▀|▀|▀|▀|▀|▀|▀|▀|▀|▀|▀|▀|▀|▀|▀|▀|▀......║
                 ║.............║................║.............║                                                                       ║f...............a........................a...............║
                 ║..b.........ꗞ║................║.............║                                                                       ║.....|▀|▀|▀|▀|▀|▀|▀|▀|▀|▀|▀|▀|▀|▀|▀|▀|▀|▀|▀|▀|▀|▀|▀......║
                 ║.............║................║ↁ............║                                                                       ║.........................................................║
                 ║............ꗞ║................║.............║                                                                       ║.....|▀|▀|▀|▀|▀|▀|▀|▀|▀|▀|▀|▀|▀|▀|▀|▀|▀|▀|▀|▀|▀|▀|▀......║
                 ║.............║................║ↁ...........ꗞ║                                                                       ║.........................................................║
                 ║............ꗞ║................║.............║                                                                       ║.....|▀|▀|▀|▀|▀|▀|▀|▀|▀|▀|▀|▀|▀|▀|▀|▀|▀|▀|▀|▀|▀|▀|▀......║
                 ║.............║................║ↁ...........ꗞ║                                                                       ║.........................................................║
                 ║............ꗞ║................║.............║                                                                       ║.....|▀|▀|▀|▀|▀|▀|▀|▀|▀|▀|▀|▀|▀|▀|▀|▀|▀|▀|▀|▀|▀|▀|▀......║
                 ║.............║................║ↁ...........ꗞ║                                                                       ║................m........................................║
                 ║.............║................║.............║                                                                       ║.....|▀|▀|▀|▀|▀|▀|▀|▀|▀|▀|▀|▀|▀|▀|▀|▀|▀|▀|▀|▀|▀|▀|▀......║
                 ║.............║................║ↁ...........ꗞ║                                                                       ║........................a................................║
                 ║..............................║.............║                                                                       ║.........................................................║
                 ║..............................║............f║                                                                       ║.........................................................║
                 ╠══════════════════════════╣...╠═════════════╩═══════════════════════════════════════════════════════════════════════╩══════════════════╣d╠═════════════════════╣.╠════════════╣
                 ║..............................................................................a..................☐☐☐☐☐☐☐☐☐☐☐☐☐☐☐☐☐☐☐...f.............✖....✖✖✖✖.....✖........✖....✖..✖✖........║
                 ║......................................................................................................................................✖...✖.✖....✖...........✖......✖.....✖...║
                 ║.......................................................................................................................................✖......✖.✖.............✖..........✖....║
                 ║........................✖...............................................................................................................✖.h.✖✖.✖...............✖..............║
                 ║.........................✖............................✖..................................................................................✖k✖....................✖.............║
                 ║..........................✖..........✖.................✖..................................................................................✖.✖....................✖............║
                 ║...........................✖...................................................................................................................................✖.✖✖✖....✖.....║
                 ║............................✖.......✖............................................................................................................................✖............║
                 ║............................✖.................................................................................................................................................║
                 ║............................✖......✖..........................................................................................................................................║
                 ║.............................✖................................................................................................................................................║
                 ║............................✖...........................................................................╔═════════════════════════════════════════════════════════════════════╝
           ╔═════╝.............................✖..........................................................................║                                                                      
           ║...................................✖..........................ss☐.☐...........................................║                                                                      
          ╔╝....................................✖.................☐.........☐☐☐.....................☐ss...................╚╗                                                                     
          ║....................................✖✖✖...............ss☐☐.s..☐.☐ss.s....................☐☐....................2║                                                                     
         ╔╝.......................................✖.................☐☐...☐☐..........✖....................................╔╝                                                                     
         ║1........................................✖..................☐.☐☐................................................║                                                                      
         ╚╗.........................................✖.....................s...............................................╚═════════════════════════════════════════════════════════════════════╗
          ║..........................................✖..............................s...........................................................................................................║
          ╚╗..........................................✖...................s...s................☐................................................................................................║
           ║....................................................................................................................................................................................║
           ╚═════╗...............................................................................m...................☐☐..☐..☐...................................................................║
                 ║.......................................................................☐.☐....................................................................................................║
                 ║..............................................................................................................................................................................║
                 ║..............................................................................................................................................................................║
                 ║..............................................................................................................................................................................║
                 ║..............................................................................................................................................................................║
                 ║..............................................................................................................................................................................║
                 ║......................................................................................................☐.......................................................................║
                 ║...................................................................✖✖✖........................................................................................................║
                 ║.....................................................................✖✖.......................................................................................................║
                 ║..............................................f........................✖✖...............☐☐☐☐☐☐☐☐☐☐☐☐☐☐☐☐......................................................................║
                 ║.............................................╔══════════════════════════════════════════════════════════════════════╦═════════════════════════╣...╠═══════════════════════════╣
                 ║.....sssssssssssssssssssssssssssssssssssss...║                                                                      ║.........................................................║
                 ║....s☐☐☐☐☐☐☐☐☐☐☐☐☐☐☐☐☐☐☐☐☐☐☐☐☐☐☐☐☐☐☐☐☐☐☐☐☐...║                                                                      ║.........................................................║
                 ║....s☐...................................☐...║                                                                      ║.....|▀|▀|▀|▀|▀|▀|▀|▀|▀|▀|▀|▀|▀|▀|▀|▀|▀|▀|▀|▀|▀|▀|▀......║
                 ║....s☐...................................☐a..║                                                                      ║...........................................a.............║
                 ║....s☐...................................☐...║                                                                      ║.....|▀|▀|▀|▀|▀|▀|▀|▀|▀|▀|▀|▀|▀|▀|▀|▀|▀|▀|▀|▀|▀|▀|▀......║
                 ║....s☐...................................☐...║                                                                      ║........................................m................║
                 ║....s☐...................................☐...║                                                                      ║.....|▀|▀|▀|▀|▀|▀|▀|▀|▀|▀|▀|▀|▀|▀|▀|▀|▀|▀|▀|▀|▀|▀|▀......║
                 ║....s☐...................................☐...║                                                                      ║..................................m....m.................║
                 ║....s☐...................................☐...║                                                                      ║.....|▀|▀|▀|▀|▀|▀|▀|▀|▀|▀|▀|▀|▀|▀|▀|▀|▀|▀|▀|▀|▀|▀|▀......║
                 ║....s☐...................................☐a..║                                                                      ║.......m.........m.............m.........................║
                 ║....s☐...................................☐...║                                                                      ║.....|▀|▀|▀|▀|▀|▀|▀|▀|▀|▀|▀|▀|▀|▀|▀|▀|▀|▀|▀|▀|▀|▀|▀......║
                 ║....s☐..............☐☐☐☐☐☐☐..............☐...║                                                                      ║.........................................................║
                 ║....s☐..............☐☐☐☐☐☐☐..............☐...║                                                                      ║.....|▀|▀|▀|▀|▀|▀|▀|▀|▀|▀|▀|▀|▀|▀|▀|▀|▀|▀|▀|▀|▀|▀|▀......║
                 ║....s☐..............☐☐☐☐☐☐☐..............☐...║                                                                      ║.........................................................║
                 ║....s☐...................................☐...║                                                                      ║.....|▀|▀|▀|▀|▀|▀|▀|▀|▀|▀|▀|▀|▀|▀|▀|▀|▀|▀|▀|▀|▀|▀|▀......║
                 ║....s☐...................................☐...║                                                                      ║f...........................................a............║
                 ║....s☐...................................☐..f║                                                                      ║.....|▀|▀|▀|▀|▀|▀|▀|▀|▀|▀|▀|▀|▀|▀|▀|▀|▀|▀|▀|▀|▀|▀|▀......║
                 ║....s☐...................................☐...║                                                                      ║.........................................................║
                 ║.............................................║                                                                      ║.........................................................║
                 ║.............................................║                                                                      ║.....................▀▀▀▀▀▀▀▀▀▀▀▀▀▀▀▀....................║
                 ║.............................................║                                                                      ║.........................................................║
                 ╚═════════════════════════════════════════════╝                                                                      ╚═════════════════════════════════════════════════════════╝