╔═══════════════════════╦════════╗ ╔══════╗                                                                                                                                      ╔═════════════════════╦═══════════════════╗
║.......................╩........╙5╜......║   ╔═════════════════════════════════════════════════╗ ╔═════════╦══════════════════════════════════════════════════════════════╗     ║.....................║W.................W║
║.........................................║   ║.........................B.......................╙4╜.........║W............................................................T║     ║.....................║...................║
║.........................................║   ║.........................B...................................║.............TCTCTCTCTCTCTCTCTCTCTCTCTCTCTC..................T║     ║.....................║....TCTCTCTCTCT....║
║.......................╦.................║   ║.........................B...................................║.............................................................T║     ║.....................╩...................║
║.......................║.................║   ║.........................B...................................╩.............................................................T║     ║.........................................║
║.......................║.................║   ║.........................B.................................................TCTCTCTCTCTCTCTCTCTCTCTCTCTCTC..................T║     ║.........................................║
║.......................║BBBBBBBBBBB......║   ║.........................B.................................................................................................T║     ║.....................╦...................║
╠════════╣..╠═══════════╣.................║   ║............BBBBBBBBBBBBBB...................................╦.............................................................T║     ║.....................║....TCTCTCTCTCT....║
║.......................║.................║   ║.............................................................║.............TCTCTCTCTCTCTCTCTCTCTCTCTCTCTC..................T║     ║.....................║...................║
║.......................║.................║   ║.............................................................║.............................................................T║     ║.....................║....TCTCTCTCTCT....║
║.......................║.................║   ║.............................................................║.............................................................T║     ║.....................║...................║
║.......................╠═════════════════╣   ║.............................................................║.............TCTCTCTCTCTCTCTCTCTCTCTCTCTCTC..................T║     ║.....................║....TCTCTCTCTCT....║
║.......................║.................║   ║.............................................................║W............................................................T║     ╠════════╣..╠═════════╣...................║
║.......................║.................║   ╠══════════╣..╠════════╦══════════════════════════════════╦═══╩═════════════════════════════╦═══════════╦════════════════════╣     ║.....................║....TCTCTCTCTCT....║
║.......................╩.................║   ║......................║W................................W║.................................║...........║....................║     ║.....................║...................║
║.........................................║   ║......................║..................................║.................................║...........║....................║     ║.....................║....TCTCTCTCTCT....║
║.........................................║   ║......................║..................................║.................................║...........║....................║     ║.....................║...................║
║.......................╦.................║   ║......................║.................║................║.................║...............║...........║....................║     ║TTTTTTTTTTTTT........║...................║
║........BBBBBBBBBBBBBBB║.................║   ║......................║.................║................║.................║...............║...........║....................║     ║.....................╠═══════════════════╣
║.......................║.................║   ║......................║.................║................║.................║...............║...........║....................║     ║.....................║................T..║
║.......................║.................║   ║......................║.................║................║.................║...............║...........╩....................║     ║.....................║...................║
║.......................║.................║   ║......................║.................║................║.................║...............║................................║     ║.....................║.....TC............║
║.......................║.................║   ║......................║.................║................║.................║...............║................................║     ║.....................╩...................║
║.......................║.................║   ║......................║.................║................║.................║...............║...........╦....................║     ║.........................................║
╠═══════════════════════╣.................║   ║......................║.................║................║.................║...............║...........║....................║     ║....................................TC...║
║W.....................W║.................║   ║......................║.................║................║.................║...............║...........║..........BBBBBBBBBB║     ║.....................╦...................║
║.......................║.................║   ║......................║.................║................║.................║...............║...........║....................║     ║.....................║.....T.............║
║.......................║.................║   ║......................║.................║................║.................║...............║...........║....................║     ║.....................║...................║
║.......................╩.................║   ║......................║.................║................║.................║...............║...........║....................║     ║.....................║...................║
║...TCTCTCTCTCTCTC........................║   ║........................................║..................................║...........................║....................║     ╠═════════════════════╬═════════╣..╠══════╣
║.........................................║   ║........................................║..................................║...........................║....................║     ║W...................W║...................║
║.......................╦.................║   ║........................................║..................................║W.........................W║....................║     ║.....................║...................║
║...TCTCTCTCTCTCTC......║.................║   ╠════════════════════════════════════════╩══════╦═══════════════════════════╩═══════════════════════════╣....................║     ║.....................║...................║
║.......................║.................║   ║W.............................................W║.......................................................║....................║     ║.....................║...................║
║.......................║.................║   ║...............................................║.......................................................║....................║     ║.....C........C......╩...................║
║...TCTCTCTCTCTCTC......║.................║   ║...............................................║............B..........................................║BBBBBBBBBB..........║     ║.........................................║
║.......................║.................║   ║...............................................║............B..........................................║....................║     ║.........................................║
║.......................║.................║   ║.........TCTCTCTCTCTCTCTCTCTCTCTCTCTCTC........║............B..........................................║....................║     ║..........C..........╦...................║
║...TCTCTCTCTCTCTC......╠═════════════════╣   ║...............................................╩............B..........................................║....................║     ║.....................║...................║
║.......................║TTTTTTTHTTTTTTPTT║   ║............................................................B..........................................╩....................║     ║.....................║...................║
║.......................║.................║   ║.........TCTCTCTCTCTCTCTCTCTCTCTCTCTCTC.....................BBBBBBBBBBBBBBBBBBBBBBBBBBB.....................................║     ║.....................║...................║
║...TCTCTCTCTCTCTC......║.................║   ║...............................................╦............B...............................................................║     ╠══════════╣..╠═══════╬═════════╣..╠══════╣
║.......................╩.................║   ║...............................................║............B..........................................╦....................║     ║.....................║WWWWWWWWW....WWWWWW║
║.........................................║   ║.........TCTCTCTCTCTCTCTCTCTCTCTCTCTCTC........║............B..........................................║....................║     ║.....................║...................║
║...TCTCTCTCTCTCTC........................║   ║...............................................║............B..........................................║....................║     ║.....................║...................║
║.......................╦.................║   ║...............................................║............B..........................................║....................║     ║.....................║...................║
║.......................║.................║   ║.........TCTCTCTCTCTCTCTCTCTCTCTCTCTCTC........║............B..........................................║....................║     ║.....................║...................║
║.......................║.................║   ║...............................................║.......................................................║....................║     ║.....................║...................║
║.......................║.................║   ║...............................................║.......................................................║W..................W║     ║.....................║KKKKKKKKKKKKKKKKKKK║
╠═══════════════════════╩═════╣..╠════════╩═══╩═══════════════════════════╦═══════════════════╩═════╣..╠═══════════════════════════════════╦══════════╩════════════════════╩═════╩══════════╣..╠═══════╩═══════════════════╣
║......................................B..................................║................................................................║...............................................................................║
║......................................B..................................║................................................................║...............................................................................║
║......................................B..................................║................................................................║...............................................................................║
║......................................B..................................║................................................................║...............................................................................║
║......................................B..................................╩................................................................╩...............................................................................║
║......................................B..............................................................................................................................BBBBBBBBBBBBBBBBBBBBBBBBBBBBBBBBBBBBBB...............║
║......................................B.......................................................................................................................................B.............B.............................║
║......................................B..................................╦................................................................╦...................................B.............B.............................║
║.........................................................................║................................................................║...................................B.............B.............................║
║.........................................................................║................................................................║...................................B.............B.............................║
║.........................................................................║................................................................║...............................................................................║
║.........................................................................║................................................................║...............................................................................║
║.........................................................................║................................................................║...............................................................................║
╠════════════════════╣..╠═══════════╦═════════════════════════════════════╣...........BBBBBBBBBBBBBBBBBBBBBB╔══════════════╣..╠════════════╬═══════════════════════════════════════════════════╗...╔═══════════════════════╣
║T..................................║W...................................W║.................................║C.............................║W.........................................TTTHTTTTT║...║K.....................W║
║T..................................║.....................................║.................................║C.............................║..................................................T║...║K.....................W║
║T..................................║.....................................║.................................║C.............................║..................................................P║...║K.....................W║
║T..................................║.....................................║.................................║C.............................║..................................................T║...║K.....................W║
║T..................................║.....................................║.................................║C.............................║C.................................................T║...║K.....................W║
║TTTTTTTTTTTTTTTTTTTTTTT............╩.....TCTCTCTCTCTCTCTCTCTCTCTCTCTCTC..║.................................║C.............................╠═════════════════════╣..╠══════════════════════════╝...╚═════════════╣..╠══════╣
║T........................................................................║BBBBBBBBBBBBBBBBBBBB.............║C.............................╩..............................................................................W║
║T........................................................................║.................................║C.............................................................................................................║
║T..................................╦.....TCTCTCTCTCTCTCTCTCTCTCTCTCTCTC..║.................................║C.............................................................................................................║
║T..................................║.....................................║.................................║C.............................╦..............................................................................W║
║H..................................║.....................................║.................................║C.............................╠═════════════════════╣..╠═════════════════════════╦════════════════════════════╣
║T..................................║.....TCTCTCTCTCTCTCTCTCTCTCTCTCTcTC..║.............BBBBBBBBBBBBBBBBBBBB║C.............................║W.................................................╩...........C...........C....║
║T..................................║.....................................║.................................║C.............................║...............................................................................║
║T..................................║.....................................║.................................║C.............................║..............................................................C...........C....║
║TTTTTTTTTTTTTTPTTTTTTTT............║.....................................║.................................║C.............................║W.................................................╦............................║
╚═══════════════════════════════════╩═════════════════════════════════════╩═════════════════════════════════╩══════════════════════════════╩══════════════════════════════════════════════════╩════════════════════════════╝