╔════════════════════════════════════════════╦═════════════════════════════════════════════════════════════════════════════════════════════════════════╗                                                                                                            
║............................................║                                                                                                         ║
║..|▀|▀|▀|▀|..........|▀|▀|▀|▀|..............║                                                                                                         ║
║..☐☐☐☐☐☐☐☐☐..........☐☐☐☐☐☐☐☐☐..............║                                                                                                         ║
║..☐☐☐☐☐☐☐☐☐..........☐☐☐☐☐☐☐☐☐..............║                                                                                                         ║
║..|▀|▀|▀|▀|..........|▀|▀|▀|▀|..............║---------------------------------------------------------------------------------------------------------║
║............................................║.........................................................................................................║
║............................................║.........................................................................................................║
║............................................║.........................................................................................................║
║............................................╩.........................................................................................................║
║..|▀|▀|▀|▀|..........|▀|▀|▀|▀|......................................................................................................................✖✖╩
║..☐☐☐☐☐☐☐☐☐..........☐☐☐☐☐☐☐☐☐......................................................................................................................✖✖ 
║..☐☐☐☐☐☐☐☐☐..........☐☐☐☐☐☐☐☐☐..............╦.......................................................................................................✖✖╦
║..|▀|▀|▀|▀|..........|▀|▀|▀|▀|..............║.....................................................................................................✖✖✖ ║
║............................................║---------------------\......./--------------------|.........|--------------------------------------------║
║..|▀|▀|▀|▀|..........|▀|▀|▀|▀|..............║                      \...../                     |.........|                                            ║
║..☐☐☐☐☐☐☐☐☐..........☐☐☐☐☐☐☐☐☐..............║                       \.../                      |.........|                                            ║
║..☐☐☐☐☐☐☐☐☐..........☐☐☐☐☐☐☐☐☐.............m║                        \-/                       |.........|                                            ║
║..|▀|▀|▀|▀|..........|▀|▀|▀|▀|.............m║                                                  |.........|                                            ║
║...........................................m║                                                  |.........|                                            ║
║..|▀|▀|▀|▀|..........|▀|▀|▀|▀|..............╚═════════════════════════════════════════════════════════════════════════════════════════════════════════╣
║..☐☐☐☐☐☐☐☐☐..........☐☐☐☐☐☐☐☐☐.........................................................✖...✖.✖                                                        ║
║..☐☐☐☐☐☐☐☐☐..........☐☐☐☐☐☐☐☐☐..................|▀|▀|▀|............|▀|▀|▀|..........✖......✖✖.✖                                                       ║
║..|▀|▀|▀|▀|..........|▀|▀|▀|▀|................|▀|☐☐☐☐☐|▀|........|▀|☐☐☐☐☐|▀|.........✖........✖✖                                                      ║
║..............................................|▀|☐☐☐☐☐|▀|........|▀|☐☐☐☐☐|▀|.................✖..✖                                                     ║  
║..|▀|▀|▀|▀|..........|▀|▀|▀|▀|..................|▀|▀|▀|............|▀|▀|▀|....................✖.✖                                                     ║
║..☐☐☐☐☐☐☐☐☐..........☐☐☐☐☐☐☐☐☐.........................................................✖......✖✖.✖                                                    ║
║..☐☐☐☐☐☐☐☐☐..........☐☐☐☐☐☐☐☐☐..................................................................✖✖✖✖                                                  ║
║..|▀|▀|▀|▀|..........|▀|▀|▀|▀|..................|▀|▀|▀|............|▀|▀|▀|.........................✖                                                  ║
║..............................................|▀|☐☐☐☐☐|▀|........|▀|☐☐☐☐☐|▀|..............✖.....✖..✖                                                  ║
║..............................................|▀|☐☐☐☐☐|▀|........|▀|☐☐☐☐☐|▀|...................✖✖.✖✖                                                  ║
║................................................|▀|▀|▀|............|▀|▀|▀|......................✖✖✖✖                                                  ║
║.......................................╔1╗..................................................✖......✖                                                  ║
╚═══════════════════════════════════════╝ ╚════════════════════════════════════════════════════════════════════════════════════════════════════════════╝
