╔═══════════════════════════════╦════════════════════════╦══════════════════════════════════════╦═══════════════════════╗
║...............................║ꗞ.ꗞ.ꗞ.ꗞ.ꗞ.ꗞ.ꗞ.ꗞ.ꗞ.ꗞ.ꗞ.ꗞ.║..☐☐☐☐........☐.....☐.....☐☐☐☐..☐☐....║.......................║
║...............................║........................║..☐......☐☐☐..☐.☐.☐.☐....☐........☐...╩...☐ᆉ..☐ᆉ..☐ᆉ..☐ᆉ..☐ᆉ..║
║✖✖✖✖✖✖✖✖✖✖✖✖✖✖✖✖✖✖✖✖✖✖.........║........✖✖✖✖✖✖✖✖✖✖✖✖✖✖✖✖║..☐☐☐☐........☐..☐..☐...☐.......☐☐☐...........................║
║...............................║........................║..☐......☐☐☐..☐.....☐....☐................☐ᆉ..☐ᆉ..☐ᆉ..☐ᆉ..☐ᆉ..║
║...............................║........................║..☐☐☐☐........☐.....☐.....☐☐☐☐........╦.......................║
║...............................║ↁ.ↁ.ↁ.ↁ.....ↁ.ↁ.ↁ.ↁ.ↁ.ↁ.║......................................║...☐ᆉ..☐ᆉ..☐ᆉ..☐ᆉ..☐ᆉ..║
║........✖✖✖✖✖✖✖✖✖✖✖✖✖✖✖✖✖✖✖✖✖✖✖╠═══════╣..╠═════════════╩════════╣..╠══════════════════════════╣.......................║
║...............................╩.....................✖..............................☐☐✉☐☐☐☐☐☐☐☐║...☐ᆉ..☐ᆉ..☐ᆉ..☐ᆉ..☐ᆉ..║
║.....................................................✖.........✖..............................☎║.......................║
║.....................................................✖.........✖..............................☐║...☐ᆉ..☐ᆉ..☐ᆉ..☐ᆉ..☐ᆉ..║
║...............................╦...............................✖....................☐☐☐☐☐✉☐☐☐☐☐║.......................║
╠═══════════════════════════════╬═══════╣..╠════════════════════════════════════════════════════╬═════════╣..╠══════════╣
║☐☐☐☐☐☐☐☐✉☐☐☐☐☐☐☐☐☐☐☐✉☐☐☐☐☐☐☐☐☐☐║...................................✖...........................║ↁ......✖.......✖......ↁ║
║ᆉ.............................ᆉ║...................................✖...........................║.......✖.......✖.......║
║ᆉ.............................ᆉ║................✖..................✖...........................║.......✖.......✖.......║
║ᆉ..............................╩................✖..................✖✖✖✖✖✖✖✖✖✖✖✖✖✖..............║.......✖.......✖.......║
║ᆉ................................................✖.................✖...........................║.......✖.......✖.......║
║ᆉ.................................................✖................✖...........................║.......✖.......✖.......║
║ᆉ..............................╦......✖✖✖✖✖✖✖✖✖✖✖✖✖✖...............✖...........................║.......✖.......✖.......║
║☐☐✉☐☐☐☐✉☐☐☐......☐☐☐✉☐☐☐☐☐☎☐☐☐☐║....................✖..........................................║.......✖.......✖.......║
║ᆉ.............................ᆉ║.....................✖.........................................║.......................║
║ᆉ.............................ᆉ║......................✖............................╓2╖.........║ↁ.....................ↁ║
╠═══════════╣..╠════════════════╝.......................╔═══════════════════════════╝═╚═════════╩═══════════════════════╝
║...............................✖.......................║
║...............................✖.......................║
║...............................✖.......................║
║.......................................................║							
║.......................................................║
╠═══════════╣..╠════════════════╗.......................║
║...............................║.......................║
║..|▀|▀|▀|▀|▀|▀|▀|▀|▀|▀|▀|▀|▀|..║.......................║
║...............................║.......................║
║..|▀|▀|▀|▀|▀|▀|▀|▀|▀|▀|▀|▀|▀|..║.......................║
║...............................║.......................║
║..|▀|▀|▀|▀|▀|▀|▀|▀|▀|▀|▀|▀|▀|..║.......................║
║...............................║.......................║
║..|▀|▀|▀|▀|▀|▀|▀|▀|▀|▀|▀|▀|▀|..║.......................║
║...............................║.......................║
║..|▀|▀|▀|▀|▀|▀|▀|▀|▀|▀|▀|▀|▀|..║.......................║
║...............................║.......................║
║..|▀|▀|▀|▀|▀|▀|▀|▀|▀|▀|▀|▀|▀|..║.......................║
║...............................║.......................║
║..|▀|▀|▀|▀|▀|▀|▀|▀|▀|▀|▀|▀|▀|..║.......................║
║...............................║.......................║
║..|▀|▀|▀|▀|▀|▀|▀|▀|▀|▀|▀|▀|▀|..║.......................║
║...............................║.......................║
║..|▀|▀|▀|▀|▀|▀|▀|▀|▀|▀|▀|▀|▀|..║.......................║
║...............................║.......................║
║..|▀|▀|▀|▀|▀|▀|▀|▀|▀|▀|▀|▀|▀|..╩.......................║
║.......................................................║
║.......................................................║
║ↁ.............................ↁ╦.......................║
║═══════════════════════════════╣.......................║
║                               ║.......................║
║                               ║.......................║
║                               ║.......................║
║                               ║.......................║
║                               ║.......................║
║                               ║.......................║
║                               ║.......................║
║                               ║.......................║
║                               ║.......................║
║                               ║...........╓1╖.........║
╚═══════════════════════════════╩═══════════╝═╚═════════╝