╔═══════════════════════════════╦════════════════════════╦══════════════════════════════════════╦═════════════════════════╗
║...............✖...............╩ↁ......................ↁ║☐☐☐☐☐☐☐☎☐☐☐☐☐☐☐.......................║.........................║
║................✖.......................................║✉.....................................╩....✖✖✖✖✖✖✖✖✖✖✖✖✖✖✖✖.....║
║...✖✖✖✖✖✖✖✖✖✖✖✖✖✖✖...................☐☐☐☐☐☐☐☐☐☐☐☐☐......║☐....................✖....................✖.....................║
║..................✖............╦........................║☐....................✖...................✖......................║
║...................✖...........║........................║✉....................✖................╦.✖......✖✖✖✖✖✖✖✖✖✖✖✖✖✖✖✖✖║
║...............................║ↁ......................ↁ║☐....................✖................║✖........................║
╠═══════════════╦═══════════════╩═══════╣..╠═════════════╩════════╣..╠═════════════════╗═╔══════╩════════════╦════╣..╠════╣
║ꗞ.ꗞ.ꗞ.ꗞ.ꗞ.ꗞ.ꗞ.ꗞ╩.......................................................................╚1╝..................║............║
║............................................................................................................║............║
║............................................................................................................║............║
║ↁ.ↁ.ↁ.ↁ.ↁ.ↁ.ↁ.ↁ╦............................................................................................║............║
╠═══════════════╣...............╔═══════╣..╠══════════╦═════════════════════╦═════════╣..╠══════╗............╠════════════╣
║...............║...............║............✖........║.....................║ↁ.................ↁ║............║............║
║..☐ᆉ.☐ᆉ.☐ᆉ.☐ᆉ..║...............║............✖........║.....................║...................║............║..☐ᆉ.☐ᆉ.☐ᆉ..║
║...............║...............║............✖........╩☐☐☐☐☐☐☐☐☐☐☐☐☐☐☐☐.....║...✖✖✖✖✖✖✖✖✖✖✖✖✖...║............║............║
║..☐ᆉ.☐ᆉ.☐ᆉ.☐ᆉ..║...............║....✖✖✖✖✖✖✖✖✖..............................║.........✖.........║............║..☐ᆉ.☐ᆉ.☐ᆉ..║
║...............║...............║............✖..............................║.........✖.........║............║............║
║..☐ᆉ.☐ᆉ.☐ᆉ.☐ᆉ..╩...............║.....................╦☐☐☐☐☐☐☐☐☐☐☐☐☐☐☐☐.....║.........✖.........║............╩..☐ᆉ.☐ᆉ.☐ᆉ..║
║...............................║.....................║.....................║...................║.........................║
║...............................╠═════════════════════╩═════════════════════╩═══════════════════╣.........................║
║..☐ᆉ.☐ᆉ.☐ᆉ.☐ᆉ..╦...............║                                                               ║............╦..☐ᆉ.☐ᆉ.☐ᆉ..║
║...............║...............║                                                               ║............║............║
║..☐ᆉ.☐ᆉ.☐ᆉ.☐ᆉ..║...............║                                                               ║............║..☐ᆉ.☐ᆉ.☐ᆉ..║
║...............║...............║                                                               ║............║............║
║..☐ᆉ.☐ᆉ.☐ᆉ.☐ᆉ..║✖✖✖✖✖✖✖✖✖✖✖....║                                                               ║............║..☐ᆉ.☐ᆉ.☐ᆉ..║
╚═══════════════╣...............║                                                               ║............╠════════════╝
                ║...............║                                                               ║...✖✖✖✖✖✖✖✖✖║
				║...............║                                                               ║............║
                ║....✖✖✖✖✖✖✖✖✖✖✖║                                                               ║............║
                ║...............║                                                               ║✖✖✖✖✖✖✖✖✖...║
                ║...............║                                                               ║............║
                ║...............║                                                               ║............║
                ║...............║                                                               ║...✖✖✖✖✖✖✖✖✖║
                ║...............╠════════════════════╦════════════════════════════╦═════════════╣............║
                ║...............║....................║.☐...☐....☐....☐....☐....☐..║☐☐☐☐✉☐☐☐☐☐☐✉☐║............║
			    ║...............║....................║.☐...☐....☐....☐....☐....☐..║☎...........☐║............║
                ║...............║....................║.☐...☐....☐....☐....☐....☐..║☐...........☐║............║
                ║...............║....................║.☐...☐....☐....☐....☐....☐..║✉...........✉║............║
                ║...............║....................║............................║☐...........☐║............║
                ║...............╚════════╣..╠════════╩═══════════════╣..╠═════════╩═══╣..╠══════╝............║
                ║............................................................................................║
                ║............................................................................................║
                ║............................................................................................║
                ║............................................................................................║
╔═══════════════╬═══════════════╦══════════════════════════════════════════════╣..╠═════════════╦═════╣..╠═══╣
║...............║...............║...............................................................║ↁ.ↁ.ↁ....ↁ.ↁ║
║...............║.......✖.......║.....☐☐☐☐...☐☐☐☐........☐......☐..☐....☐...☐☐☐....☐............║............║
║...............╩.......✖.......╩.....☐...☐..☐...☐......☐.☐.....☐..☐.☐..☐..☐.......☐............║............║
║.......................✖.............☐☐☐☐...☐☐☐☐......☐...☐....☐..☐..☐.☐..☐☐☐.....☐............║............║
║.......................✖.............☐...☐..☐...☐....☐☐☐☐☐☐☐...☐..☐...☐☐.....☐.................║............║
║...............╦.......✖.......╦.....☐☐☐☐...☐....☐..☐.......☐..☐..☐....☐..☐☐☐☐....☐............║............║
║......╔2╗......║...............║...............................................................║ꗞ.ꗞ.ꗞ.ꗞ.ꗞ.ꗞ.║
╚══════╝═╚══════╩═══════════════╩═══════════════════════════════════════════════════════════════╩════════════╝





				