╔═══════════════════════════════════════════════════════════════════════════╗
║ↁ.........................................................................ↁ║
║...........................................................................║
║...........................................................................║
║.......................................✖...................................║
║.......................................✖...................................║
║.......................................✖...................................║
║.......................................✖...................................║
║.......................................✖...................................║
║.......................................✖...................................║
║.......................................✖...................................║
║.......................................✖...................................║
║..................✖✖✖✖✖✖✖✖✖✖✖✖✖✖✖✖✖✖✖✖✖✖✖✖✖✖✖✖✖✖✖✖✖✖✖✖✖✖✖✖✖✖...............║
║......................................✖✖...................................║
║.....................................✖..✖..................................║
║....................................✖....✖.................................║
║...................................✖......✖................................║
║...........................................................................║
║...........................................................................║
║.................☐..........................................☐..............║
║..................☐........................................☐...............║
║...................☐......................................☐................║
║....................☐....................................☐.................║
║.....................☐..................................☐..................║
║......................☐☐☐☐☐☐✉☐☐☐☐☐☐☐☐☐☐☎☐☐☐☐☐☐☐☐☐☐☐✉☐☐☐☐☐..................║
║...........................................................................║
║...........................................................................║
║...........................................................................║
║...........................................................................║
║...........................................................................║
║...........................................................................║
║...........................................................................║
║ↁ......................................╔ ╗................................ↁ║
╚═══════════════════════════════════════╣ ╠═════════════════════════════════╝
                 ╔══════════════════════╣ ╠══════════════════════╗
                 ║......................╚ ╝......................║
                 ║...............................................║
                 ║...............................................║
                 ║...............................................║
                 ║...............................................║
                 ║...............................................║
                 ║............╠══════════════════════════════════╣
                 ║...............................................║
                 ║...............................................║
                 ║...............................................║
                 ║...............................................║
                 ║...............................................║
                 ╠══════════════════════════════════╣............║
                 ║...............................................║
                 ║...............................................║
                 ║...............................................║
                 ║...............................................║
                 ║............╠══════════════════════════════════╣
                 ║...............................................║
                 ║...............................................║
                 ║...............................................║
                 ║...............................................║
                 ╠══════════════════════════════════╣............║
                 ║...............................................║
                 ║...............................................║
                 ║...............................................║
                 ║.....................╔1╗.......................║
                 ╚═════════════════════╝ ╚═══════════════════════╝