╔══════════════════════════════════════════════════════════════════╗
║......✖...................................................✖.......║
║......✖...................................................✖.......║
║......✖...................................................✖.......║
║......✖...............☐☐☐☐☐☐☐☐☐☐☐☐☐☐☐☐☐☐☐☐☐☐☐☐☐...........✖.......║
║......✖..................☐☐..............☐☐...............✖.......║
║......✖..................☐☐..............☐☐...............✖.......║
║......✖..................☐☐..............☐☐...............✖.......║
║......✖..................☐☐..............☐☐...............✖.......║
║......✖..................☐☐..............☐☐...............✖.......║
║......✖..................☐☐..............☐☐...............✖.......║
║......✖..................☐☐..............☐☐...............✖.......║
║......✖..................☐☐..............☐☐...............✖.......║
║......✖..................☐☐..............☐☐...............✖.......║
║..................................................................║
║..................................................................║
║..................................................................║
║..................................................................║
║..................................................................║
║..................................................................║
║..................................................................║
║ↁ..............................╓1╖...............................ↁ║
╚═══════════════════════════════╝ ╚════════════════════════════════╝