╔═════════════════╦════════════════════════════════════════════════════════╦═════════════════════════════════════════╗
║.................║........................................................║☐☐☐☐☐☐☐☐✉☐☐☐☐☐☐☐☐☐☐☐☐✉☐☐☐☐☐☐☐☐☐☐☐☐☎☐☐☐☐☐☐║
║.................║.......☐☐☐☐.....☐☐☐☐☐☐.......☐☐......☐☐☐☐...............║.............................☐...........║
║..☐ᆉ☐ᆉ☐ᆉ☐ᆉ☐ᆉ☐ᆉ☐..║.......☐...☐....☐............☐☐......☐...☐..............╩.............................☐...........║
║.................║.......☐....☐...☐☐☐☐☐☐.....☐....☐....☐....☐...........................................☐...........║
║.................║.......☐....☐...☐..........☐☐☐☐☐☐....☐....☐...........................................☐...........║
║..☐ᆉ☐ᆉ☐ᆉ☐ᆉ☐ᆉ☐ᆉ☐..║.......☐...☐....☐.........☐......☐...☐...☐..............╦.............................☐...........║
║.................║.......☐☐☐☐.....☐☐☐☐☐☐....☐......☐...☐☐☐☐...............║.........................................║
║.................║........................................................║.........................................║
║..☐ᆉ☐ᆉ☐ᆉ☐ᆉ☐ᆉ☐ᆉ☐..║........................................................║.........................................║
║.................╠═════════╣..╠═══════════════════════════════════════════╩═════════════╣..╠════════════════════════╣
║.................║...........................✖................✖.....................................................║
║..☐ᆉ☐ᆉ☐ᆉ☐ᆉ☐ᆉ☐ᆉ☐..║...........................✖................✖.....................................................║
║.................║...........................✖.......✖........✖.....................................................║
║.................║...................................✖..............................................................║
║..☐ᆉ☐ᆉ☐ᆉ☐ᆉ☐ᆉ☐ᆉ☐..║...................................✖..............................................................║
║.................╩.............╔═══════════════════════════════════════════════════╦══════════╦══╣..╠═══╦═══════════╣
║...............................║                                                   ║..........║.........║...........║
║...............................║                                                   ║..........║.........║...........║
║..☐ᆉ☐ᆉ☐ᆉ☐ᆉ☐ᆉ☐ᆉ☐..╦.............║                                                   ║..........║.........║...........║
║.................║.............║                                                   ║..........║.........║...........║
║.................║.............║                                                   ║..........║.........║...........║
║..☐ᆉ☐ᆉ☐ᆉ☐ᆉ☐ᆉ☐ᆉ☐..║.............║                                                   ║..........║.........║...........║
║.................║.............║                                                   ║..........║.........║...........║
║.................║.............║                                                   ║..........║.........║...........║
║..☐ᆉ☐ᆉ☐ᆉ☐ᆉ☐ᆉ☐ᆉ☐..║.............║                                                   ║..........║.........║...........║
╠═════════════════╣.............║                                                   ║..........║.........║...........║
║.................║.............║                                                   ║..........║.........║...........║
║.................║.............║                                                   ║..........║.........║...........║
║.................║.............║                                                   ║..........║.........║...........║
║.................║.............║                                                   ║..........║.........║...........║
║.................║.............║                                                   ╠══════════╝.........╚═══════════╣
║.................╩.............║                                                   ║................................║
║...............................║                                                   ║................................║
║...............................║                                                   ║................................║
║.................╦.............║                                                   ║................................║
║.................║.............║                                                   ║................................║
║.................║.............║                                                   ║................................║
║.................║✖✖✖✖✖✖✖✖✖✖✖✖✖║                                                   ║................╓2╖.............║
║.................║.............╚══════════════════════════════════════════════╗═╔══╩════════════════╝═╚═════════════╣
║.................║...........................................✖................╙1╜.........☐.........................║
║.................║...........................................✖............................☎.........................║
║.................║...........................................✖............................☐.........................║
║.................║...........................................✖......................................................║
║.................║...........................................✖......................................................║
╠══════╣..╠═══════╩═════════════╣..╠══════════════════════════╦═════════════════════╣..╠═══╦═════════════════════════╣
║.......................✖.....................................║............................║ꗞ.ꗞ.ꗞ.ꗞ.ꗞ.ꗞ.ꗞ.ꗞ.ꗞ.ꗞ.ꗞ.ꗞ.ꗞ║
║.......................✖.....................................║............................║.........................║
║.......................✖.....................................║............................║.........................║
║.......................✖.....................................╩............................╩........✖✖✖✖✖✖✖✖✖✖✖✖✖✖✖✖✖║
║.......................✖............................................................................................║
║.......................✖............................................................................................║
║.............................................................╦............................╦.........................║
║.............................................................║............................║.........................║
║.............................................................║............................║ↁ.ↁ.ↁ.ↁ.ↁ.ↁ.ↁ.ↁ.ↁ.ↁ.ↁ.ↁ.ↁ║
╚═════════════════════════════════════════════════════════════╩════════════════════════════╩═════════════════════════╝