╔══════════════════════════════════════════════════════════════════╗
║..................................................................║
║..................................5...............................║
║..........................❀.......................................║
║.......1..........................................................║
║..................................................................║
║..................................................................║
║..................................................................║
║..................................................................║
║..................................................................║
║......................................≈≈≈.........................║
║......................................≈≈≈.........................║
║......................................≈≈≈≈........................║
║.......................................≈≈≈........................║
║...............7........................≈.........................║
║..................................................................║
║..........................❀.......................................║
║..................................................................║
║..................................................................║
║..................................................................║
║..................................................................║
║....................................................3.............║
║..................................................................║
║......................................≈≈≈.........................║
║......................................≈≈≈.........................║
║............2.........................≈≈≈≈........................║
║.......................................≈≈≈........................║
║........................................≈.........................║
║..................................................................║
║..................................................................║
║....................................................4.............║
║..................................................................║
║..................................................................║
║...............................╓6╖................................║
╚═══════════════════════════════╝ ╚════════════════════════════════╝
