                 ╔═════════════╦════════════════╦═════════════╗                                                                       ╔═════════════════════════════════════════════════════════╗
                 ║ↁ............║................║.............║                                                                       ║.........................................................║
                 ║.............║................║ↁ............║                                                                       ║...................▀▀▀▀▀▀▀▀▀▀▀▀▀▀▀▀......................║
                 ║ↁ............║................║.............║                                                                       ║.........................................................║
                 ║.............║................║ↁ............║                                                                       ║.........................................................║
                 ║ↁ............║................║.............║                                                                       ║.....|▀|▀|▀|▀|▀|▀|▀|▀|▀|▀|▀|▀|▀|▀|▀|▀|▀|▀|▀|▀|▀|▀|▀......║
                 ║ↁ............║................║.............║                                                                       ║.........................................................║
                 ║ↁ............║..............................║                                                                       ║.....|▀|▀|▀|▀|▀|▀|▀|▀|▀|▀|▀|▀|▀|▀|▀|▀|▀|▀|▀|▀|▀|▀|▀......║
                 ║.............║..............................║                                                                       ║.........................................................║
                 ║............ꗞ║................║.............║                                                                       ║.....|▀|▀|▀|▀|▀|▀|▀|▀|▀|▀|▀|▀|▀|▀|▀|▀|▀|▀|▀|▀|▀|▀|▀......║
                 ║.............║................║.............║                                                                       ║.........................................................║
                 ║............ꗞ║................║.............║                                                                       ║.....|▀|▀|▀|▀|▀|▀|▀|▀|▀|▀|▀|▀|▀|▀|▀|▀|▀|▀|▀|▀|▀|▀|▀......║
                 ║.............║................║ↁ............║                                                                       ║.........................................................║
                 ║............ꗞ║................║.............║                                                                       ║.....|▀|▀|▀|▀|▀|▀|▀|▀|▀|▀|▀|▀|▀|▀|▀|▀|▀|▀|▀|▀|▀|▀|▀......║
                 ║.............║................║ↁ...........ꗞ║                                                                       ║.........................................................║
                 ║............ꗞ║................║.............║                                                                       ║.....|▀|▀|▀|▀|▀|▀|▀|▀|▀|▀|▀|▀|▀|▀|▀|▀|▀|▀|▀|▀|▀|▀|▀......║
                 ║.............║................║ↁ...........ꗞ║                                                                       ║.........................................................║
                 ║............ꗞ║................║.............║                                                                       ║.....|▀|▀|▀|▀|▀|▀|▀|▀|▀|▀|▀|▀|▀|▀|▀|▀|▀|▀|▀|▀|▀|▀|▀......║
                 ║.............║................║ↁ...........ꗞ║                                                                       ║.........................................................║
                 ║.............║................║.............║                                                                       ║.....|▀|▀|▀|▀|▀|▀|▀|▀|▀|▀|▀|▀|▀|▀|▀|▀|▀|▀|▀|▀|▀|▀|▀......║
                 ║.............║................║ↁ...........ꗞ║                                                                       ║.........................................................║
                 ║..............................║.............║                                                                       ║.........................................................║
                 ║..............................║.............║                                                                       ║.........................................................║
                 ╠══════════════════════════╣...╠═════════════╩═══════════════════════════════════════════════════════════════════════╩══════════════════╣.╠═════════════════════╣.╠════════════╣
                 ║.................................................................................................☐☐☐☐☐☐☐☐☐☐☐☐☐☐☐☐☐☐☐.................✖....✖✖✖✖....✖.........✖...✖...✖✖........║
                 ║......................................................................................................................................✖...✖.✖.....✖..........✖......✖.....✖...║
                 ║.......................................................................................................................................✖......✖.✖.............✖..........✖....║
                 ║........................✖...............................................................................................................✖...✖✖.✖...............✖..............║
                 ║.........................✖............................✖..................................................................................✖.✖....................✖.............║
                 ║..........................✖..........✖.................✖..................................................................................✖.✖....................✖............║
                 ║...........................✖...................................................................................................................................✖.✖✖✖....✖.....║
                 ║............................✖.......✖............................................................................................................................✖............║
                 ║............................✖.................................................................................................................................................║
                 ║............................✖......✖..........................................................................................................................................║
                 ║.............................✖................................................................................................................................................║
                 ║............................✖...........................................................................╔═════════════════════════════════════════════════════════════════════╝
           ╔═════╝.............................✖..........................................................................║                                                                      
           ║...................................✖............................☐.☐...........................................║                                                                      
          ╔╝....................................✖.................☐.........☐☐☐.....................☐.....................╚╗                                                                     
          ║....................................✖✖✖.................☐☐....☐.☐........................☐☐.....................║                                                                     
         ╔╝.......................................✖.................☐☐...☐☐..........✖....................................╔╝                                                                     
         ║.........................................✖..................☐.☐☐................................................║                                                                      
         ╚╗.........................................✖.....................................................................╚═════════════════════════════════════════════════════════════════════╗
          ║..........................................✖..........................................................................................................................................║
          ╚╗..........................................✖........................................☐................................................................................................║
           ║....................................................................................................................................................................................║
           ╚═════╗...................................................................................................☐☐..☐..☐...................................................................║
                 ║.......................................................................☐.☐....................................................................................................║
                 ║..............................................................................................................................................................................║
                 ║..............................................................................................................................................................................║
                 ║..............................................................................................................................................................................║
                 ║..............................................................................................................................................................................║
                 ║..............................................................................................................................................................................║
                 ║......................................................................................................☐.......................................................................║
                 ║...................................................................✖✖✖........................................................................................................║
                 ║.....................................................................✖✖.......................................................................................................║
                 ║.......................................................................✖✖...............☐☐☐☐☐☐☐☐☐☐☐☐☐☐☐☐......................................................................║
                 ║.............................................╔══════════════════════════════════════════════════════════════════════╦═════════════════════════╣...╠═══════════════════════════╣
                 ║.............................................║                                                                      ║.........................................................║
                 ║.....☐☐☐☐☐☐☐☐☐☐☐☐☐☐☐☐☐☐☐☐☐☐☐☐☐☐☐☐☐☐☐☐☐☐☐☐☐...║                                                                      ║.........................................................║
                 ║.....☐...................................☐...║                                                                      ║.....|▀|▀|▀|▀|▀|▀|▀|▀|▀|▀|▀|▀|▀|▀|▀|▀|▀|▀|▀|▀|▀|▀|▀......║
                 ║.....☐...................................☐...║                                                                      ║.........................................................║
                 ║.....☐...................................☐...║                                                                      ║.....|▀|▀|▀|▀|▀|▀|▀|▀|▀|▀|▀|▀|▀|▀|▀|▀|▀|▀|▀|▀|▀|▀|▀......║
                 ║.....☐...................................☐...║                                                                      ║.........................................................║
                 ║.....☐...................................☐...║                                                                      ║.....|▀|▀|▀|▀|▀|▀|▀|▀|▀|▀|▀|▀|▀|▀|▀|▀|▀|▀|▀|▀|▀|▀|▀......║
                 ║.....☐...................................☐...║                                                                      ║.........................................................║
                 ║.....☐...................................☐...║                                                                      ║.....|▀|▀|▀|▀|▀|▀|▀|▀|▀|▀|▀|▀|▀|▀|▀|▀|▀|▀|▀|▀|▀|▀|▀......║
                 ║.....☐...................................☐...║                                                                      ║.........................................................║
                 ║.....☐...................................☐...║                                                                      ║.....|▀|▀|▀|▀|▀|▀|▀|▀|▀|▀|▀|▀|▀|▀|▀|▀|▀|▀|▀|▀|▀|▀|▀......║
                 ║.....☐..............☐☐☐☐☐☐☐..............☐...║                                                                      ║.........................................................║
                 ║.....☐..............☐☐☐☐☐☐☐..............☐...║                                                                      ║.....|▀|▀|▀|▀|▀|▀|▀|▀|▀|▀|▀|▀|▀|▀|▀|▀|▀|▀|▀|▀|▀|▀|▀......║
                 ║.....☐..............☐☐☐☐☐☐☐..............☐...║                                                                      ║.........................................................║
                 ║.....☐...................................☐...║                                                                      ║.....|▀|▀|▀|▀|▀|▀|▀|▀|▀|▀|▀|▀|▀|▀|▀|▀|▀|▀|▀|▀|▀|▀|▀......║
                 ║.....☐...................................☐...║                                                                      ║.........................................................║
                 ║.....☐...................................☐...║                                                                      ║.....|▀|▀|▀|▀|▀|▀|▀|▀|▀|▀|▀|▀|▀|▀|▀|▀|▀|▀|▀|▀|▀|▀|▀......║
                 ║.....☐...................................☐...║                                                                      ║.........................................................║
                 ║.............................................║                                                                      ║.........................................................║
                 ║.............................................║                                                                      ║.....................▀▀▀▀▀▀▀▀▀▀▀▀▀▀▀▀....................║
                 ║.............................................║                                                                      ║.........................................................║
                 ╚═════════════════════════════════════════════╝                                                                      ╚═════════════════════════════════════════════════════════╝
